1
subject 146129
loaded saved variables
version 3
25
parrallel submitted 10:33:39
