8
subject 115320
loaded saved variables
version 4
11
parrallel submitted 08:53:37
parrallel finished 08:57:48
estimation_imag_fix_testretest.py:217: ComplexWarning: Casting complex values to real discards the imaginary part
  inv_JinvCeJ[i,:] = J[:,i].T * inv_DiagCe
estimation_imag_fix_testretest.py:230: ComplexWarning: Casting complex values to real discards the imaginary part
  P[:,i] = (J[:,i]*np.squeeze(inv_DiagCe))
estimation_imag_fix_testretest.py:250: ComplexWarning: Casting complex values to real discards the imaginary part
  g[i] = -0.5*np.exp(lembda[i])*np.trace(P[T*i:T*i+T][:, T*i:T*i+T])
estimation_imag_fix_testretest.py:255: ComplexWarning: Casting complex values to real discards the imaginary part
  g[i] = g[i] + g_rest
/users/k1201869/wang_model/code/model_fitting/wang_functions_imag_fix.py:502: ComplexWarning: Casting complex values to real discards the imaginary part
  tr[i] = np.sum(temp)
/users/k1201869/miniconda3/envs/python38/lib/python3.8/site-packages/numpy/core/fromnumeric.py:87: VisibleDeprecationWarning: Creating an ndarray from ragged nested sequences (which is a list-or-tuple of lists-or-tuples-or ndarrays with different lengths or shapes) is deprecated. If you meant to do this, you must specify 'dtype=object' when creating the ndarray
  return ufunc.reduce(obj, axis, dtype, out, **passkwargs)
[[-2.8599208]]
estimation_imag_fix_testretest.py:309: ComplexWarning: Casting complex values to real discards the imaginary part
  JinvCe[i,:] = J[:,i] * inv_DiagCe #;% J'%invCe <----- p x nT
estimation_imag_fix_testretest.py:320: ComplexWarning: Casting complex values to real discards the imaginary part
  A_FDK[:,ppi] = np.squeeze(A) + np.squeeze(d_A) # %newton-gauss, fisher scoring, update Para_E
/users/k1201869/wang_model/code/model_fitting/wang_functions_imag_fix.py:517: FutureWarning: `rcond` parameter will change to the default of machine precision times ``max(M, N)`` where M and N are the input matrix dimensions.
To use the future default and silence this warning we advise to pass `rcond=None`, to keep using the old, explicitly pass `rcond=-1`.
  sol = np.linalg.lstsq(A, b)[0]    # not under-determined
estimation_imag_fix_testretest.py:327: ComplexWarning: Casting complex values to real discards the imaginary part
  A_FDK[:,ppi] = np.squeeze(A) + d_A #newton-gauss, fisher scoring, update Para_E
distributed.client - ERROR - Failed to reconnect to scheduler after 10.00 seconds, closing client
_GatheringFuture exception was never retrieved
future: <_GatheringFuture finished exception=CancelledError()>
asyncio.exceptions.CancelledError
estimation_imag_fix_testretest.py:331: ComplexWarning: Casting complex values to real discards the imaginary part
  h_output_FDK[:,ppi], CC_check_FDK[ppi] = funcP(np.atleast_2d(Para_E_new).T)
estimation_imag_fix_testretest.py:334: ComplexWarning: Casting complex values to real discards the imaginary part
  dlddpara_FDK[:,:,ppi] = dlddpara
estimation_imag_fix_testretest.py:335: ComplexWarning: Casting complex values to real discards the imaginary part
  dldpara_FDK[:,ppi] = dldpara
[[-2.79786782]]
imaginary won
goodness of fit correlation [0.01265503]
12
parrallel submitted 08:58:34
parrallel finished 09:02:15
estimation_imag_fix_testretest.py:217: ComplexWarning: Casting complex values to real discards the imaginary part
  inv_JinvCeJ[i,:] = J[:,i].T * inv_DiagCe
estimation_imag_fix_testretest.py:230: ComplexWarning: Casting complex values to real discards the imaginary part
  P[:,i] = (J[:,i]*np.squeeze(inv_DiagCe))
estimation_imag_fix_testretest.py:250: ComplexWarning: Casting complex values to real discards the imaginary part
  g[i] = -0.5*np.exp(lembda[i])*np.trace(P[T*i:T*i+T][:, T*i:T*i+T])
estimation_imag_fix_testretest.py:255: ComplexWarning: Casting complex values to real discards the imaginary part
  g[i] = g[i] + g_rest
/users/k1201869/wang_model/code/model_fitting/wang_functions_imag_fix.py:502: ComplexWarning: Casting complex values to real discards the imaginary part
  tr[i] = np.sum(temp)
/users/k1201869/miniconda3/envs/python38/lib/python3.8/site-packages/numpy/core/fromnumeric.py:87: VisibleDeprecationWarning: Creating an ndarray from ragged nested sequences (which is a list-or-tuple of lists-or-tuples-or ndarrays with different lengths or shapes) is deprecated. If you meant to do this, you must specify 'dtype=object' when creating the ndarray
  return ufunc.reduce(obj, axis, dtype, out, **passkwargs)
[[-2.64209336]]
estimation_imag_fix_testretest.py:309: ComplexWarning: Casting complex values to real discards the imaginary part
  JinvCe[i,:] = J[:,i] * inv_DiagCe #;% J'%invCe <----- p x nT
/users/k1201869/wang_model/code/model_fitting/wang_functions_imag_fix.py:517: FutureWarning: `rcond` parameter will change to the default of machine precision times ``max(M, N)`` where M and N are the input matrix dimensions.
To use the future default and silence this warning we advise to pass `rcond=None`, to keep using the old, explicitly pass `rcond=-1`.
  sol = np.linalg.lstsq(A, b)[0]    # not under-determined
estimation_imag_fix_testretest.py:320: ComplexWarning: Casting complex values to real discards the imaginary part
  A_FDK[:,ppi] = np.squeeze(A) + np.squeeze(d_A) # %newton-gauss, fisher scoring, update Para_E
estimation_imag_fix_testretest.py:327: ComplexWarning: Casting complex values to real discards the imaginary part
  A_FDK[:,ppi] = np.squeeze(A) + d_A #newton-gauss, fisher scoring, update Para_E
distributed.client - ERROR - Failed to reconnect to scheduler after 10.00 seconds, closing client
_GatheringFuture exception was never retrieved
future: <_GatheringFuture finished exception=CancelledError()>
asyncio.exceptions.CancelledError
estimation_imag_fix_testretest.py:331: ComplexWarning: Casting complex values to real discards the imaginary part
  h_output_FDK[:,ppi], CC_check_FDK[ppi] = funcP(np.atleast_2d(Para_E_new).T)
estimation_imag_fix_testretest.py:334: ComplexWarning: Casting complex values to real discards the imaginary part
  dlddpara_FDK[:,:,ppi] = dlddpara
estimation_imag_fix_testretest.py:335: ComplexWarning: Casting complex values to real discards the imaginary part
  dldpara_FDK[:,ppi] = dldpara
[[-2.70458801]]
real won
goodness of fit correlation [0.05181981]
13
parrallel submitted 09:03:01
parrallel finished 09:06:44
estimation_imag_fix_testretest.py:217: ComplexWarning: Casting complex values to real discards the imaginary part
  inv_JinvCeJ[i,:] = J[:,i].T * inv_DiagCe
estimation_imag_fix_testretest.py:230: ComplexWarning: Casting complex values to real discards the imaginary part
  P[:,i] = (J[:,i]*np.squeeze(inv_DiagCe))
estimation_imag_fix_testretest.py:250: ComplexWarning: Casting complex values to real discards the imaginary part
  g[i] = -0.5*np.exp(lembda[i])*np.trace(P[T*i:T*i+T][:, T*i:T*i+T])
estimation_imag_fix_testretest.py:255: ComplexWarning: Casting complex values to real discards the imaginary part
  g[i] = g[i] + g_rest
/users/k1201869/wang_model/code/model_fitting/wang_functions_imag_fix.py:502: ComplexWarning: Casting complex values to real discards the imaginary part
  tr[i] = np.sum(temp)
/users/k1201869/miniconda3/envs/python38/lib/python3.8/site-packages/numpy/core/fromnumeric.py:87: VisibleDeprecationWarning: Creating an ndarray from ragged nested sequences (which is a list-or-tuple of lists-or-tuples-or ndarrays with different lengths or shapes) is deprecated. If you meant to do this, you must specify 'dtype=object' when creating the ndarray
  return ufunc.reduce(obj, axis, dtype, out, **passkwargs)
[[-2.67010799]]
estimation_imag_fix_testretest.py:309: ComplexWarning: Casting complex values to real discards the imaginary part
  JinvCe[i,:] = J[:,i] * inv_DiagCe #;% J'%invCe <----- p x nT
/users/k1201869/wang_model/code/model_fitting/wang_functions_imag_fix.py:517: FutureWarning: `rcond` parameter will change to the default of machine precision times ``max(M, N)`` where M and N are the input matrix dimensions.
To use the future default and silence this warning we advise to pass `rcond=None`, to keep using the old, explicitly pass `rcond=-1`.
  sol = np.linalg.lstsq(A, b)[0]    # not under-determined
estimation_imag_fix_testretest.py:320: ComplexWarning: Casting complex values to real discards the imaginary part
  A_FDK[:,ppi] = np.squeeze(A) + np.squeeze(d_A) # %newton-gauss, fisher scoring, update Para_E
estimation_imag_fix_testretest.py:327: ComplexWarning: Casting complex values to real discards the imaginary part
  A_FDK[:,ppi] = np.squeeze(A) + d_A #newton-gauss, fisher scoring, update Para_E
distributed.client - ERROR - Failed to reconnect to scheduler after 10.00 seconds, closing client
_GatheringFuture exception was never retrieved
future: <_GatheringFuture finished exception=CancelledError()>
asyncio.exceptions.CancelledError
estimation_imag_fix_testretest.py:331: ComplexWarning: Casting complex values to real discards the imaginary part
  h_output_FDK[:,ppi], CC_check_FDK[ppi] = funcP(np.atleast_2d(Para_E_new).T)
estimation_imag_fix_testretest.py:334: ComplexWarning: Casting complex values to real discards the imaginary part
  dlddpara_FDK[:,:,ppi] = dlddpara
estimation_imag_fix_testretest.py:335: ComplexWarning: Casting complex values to real discards the imaginary part
  dldpara_FDK[:,ppi] = dldpara
[[-2.73260139]]
real won
goodness of fit correlation [0.17100583]
14
parrallel submitted 09:07:30
parrallel finished 09:11:11
estimation_imag_fix_testretest.py:217: ComplexWarning: Casting complex values to real discards the imaginary part
  inv_JinvCeJ[i,:] = J[:,i].T * inv_DiagCe
estimation_imag_fix_testretest.py:230: ComplexWarning: Casting complex values to real discards the imaginary part
  P[:,i] = (J[:,i]*np.squeeze(inv_DiagCe))
estimation_imag_fix_testretest.py:250: ComplexWarning: Casting complex values to real discards the imaginary part
  g[i] = -0.5*np.exp(lembda[i])*np.trace(P[T*i:T*i+T][:, T*i:T*i+T])
estimation_imag_fix_testretest.py:255: ComplexWarning: Casting complex values to real discards the imaginary part
  g[i] = g[i] + g_rest
/users/k1201869/wang_model/code/model_fitting/wang_functions_imag_fix.py:502: ComplexWarning: Casting complex values to real discards the imaginary part
  tr[i] = np.sum(temp)
/users/k1201869/miniconda3/envs/python38/lib/python3.8/site-packages/numpy/core/fromnumeric.py:87: VisibleDeprecationWarning: Creating an ndarray from ragged nested sequences (which is a list-or-tuple of lists-or-tuples-or ndarrays with different lengths or shapes) is deprecated. If you meant to do this, you must specify 'dtype=object' when creating the ndarray
  return ufunc.reduce(obj, axis, dtype, out, **passkwargs)
[[-2.71342539]]
estimation_imag_fix_testretest.py:309: ComplexWarning: Casting complex values to real discards the imaginary part
  JinvCe[i,:] = J[:,i] * inv_DiagCe #;% J'%invCe <----- p x nT
/users/k1201869/wang_model/code/model_fitting/wang_functions_imag_fix.py:517: FutureWarning: `rcond` parameter will change to the default of machine precision times ``max(M, N)`` where M and N are the input matrix dimensions.
To use the future default and silence this warning we advise to pass `rcond=None`, to keep using the old, explicitly pass `rcond=-1`.
  sol = np.linalg.lstsq(A, b)[0]    # not under-determined
estimation_imag_fix_testretest.py:320: ComplexWarning: Casting complex values to real discards the imaginary part
  A_FDK[:,ppi] = np.squeeze(A) + np.squeeze(d_A) # %newton-gauss, fisher scoring, update Para_E
estimation_imag_fix_testretest.py:327: ComplexWarning: Casting complex values to real discards the imaginary part
  A_FDK[:,ppi] = np.squeeze(A) + d_A #newton-gauss, fisher scoring, update Para_E
distributed.client - ERROR - Failed to reconnect to scheduler after 10.00 seconds, closing client
_GatheringFuture exception was never retrieved
future: <_GatheringFuture finished exception=CancelledError()>
asyncio.exceptions.CancelledError
estimation_imag_fix_testretest.py:331: ComplexWarning: Casting complex values to real discards the imaginary part
  h_output_FDK[:,ppi], CC_check_FDK[ppi] = funcP(np.atleast_2d(Para_E_new).T)
estimation_imag_fix_testretest.py:334: ComplexWarning: Casting complex values to real discards the imaginary part
  dlddpara_FDK[:,:,ppi] = dlddpara
estimation_imag_fix_testretest.py:335: ComplexWarning: Casting complex values to real discards the imaginary part
  dldpara_FDK[:,ppi] = dldpara
[[-2.77591787]]
real won
goodness of fit correlation [0.15628222]
15
parrallel submitted 09:11:57
parrallel finished 09:15:38
estimation_imag_fix_testretest.py:217: ComplexWarning: Casting complex values to real discards the imaginary part
  inv_JinvCeJ[i,:] = J[:,i].T * inv_DiagCe
estimation_imag_fix_testretest.py:230: ComplexWarning: Casting complex values to real discards the imaginary part
  P[:,i] = (J[:,i]*np.squeeze(inv_DiagCe))
estimation_imag_fix_testretest.py:250: ComplexWarning: Casting complex values to real discards the imaginary part
  g[i] = -0.5*np.exp(lembda[i])*np.trace(P[T*i:T*i+T][:, T*i:T*i+T])
estimation_imag_fix_testretest.py:255: ComplexWarning: Casting complex values to real discards the imaginary part
  g[i] = g[i] + g_rest
/users/k1201869/wang_model/code/model_fitting/wang_functions_imag_fix.py:502: ComplexWarning: Casting complex values to real discards the imaginary part
  tr[i] = np.sum(temp)
/users/k1201869/miniconda3/envs/python38/lib/python3.8/site-packages/numpy/core/fromnumeric.py:87: VisibleDeprecationWarning: Creating an ndarray from ragged nested sequences (which is a list-or-tuple of lists-or-tuples-or ndarrays with different lengths or shapes) is deprecated. If you meant to do this, you must specify 'dtype=object' when creating the ndarray
  return ufunc.reduce(obj, axis, dtype, out, **passkwargs)
[[-2.73835673]]
estimation_imag_fix_testretest.py:309: ComplexWarning: Casting complex values to real discards the imaginary part
  JinvCe[i,:] = J[:,i] * inv_DiagCe #;% J'%invCe <----- p x nT
/users/k1201869/wang_model/code/model_fitting/wang_functions_imag_fix.py:517: FutureWarning: `rcond` parameter will change to the default of machine precision times ``max(M, N)`` where M and N are the input matrix dimensions.
To use the future default and silence this warning we advise to pass `rcond=None`, to keep using the old, explicitly pass `rcond=-1`.
  sol = np.linalg.lstsq(A, b)[0]    # not under-determined
estimation_imag_fix_testretest.py:320: ComplexWarning: Casting complex values to real discards the imaginary part
  A_FDK[:,ppi] = np.squeeze(A) + np.squeeze(d_A) # %newton-gauss, fisher scoring, update Para_E
estimation_imag_fix_testretest.py:327: ComplexWarning: Casting complex values to real discards the imaginary part
  A_FDK[:,ppi] = np.squeeze(A) + d_A #newton-gauss, fisher scoring, update Para_E
distributed.client - ERROR - Failed to reconnect to scheduler after 10.00 seconds, closing client
_GatheringFuture exception was never retrieved
future: <_GatheringFuture finished exception=CancelledError()>
asyncio.exceptions.CancelledError
estimation_imag_fix_testretest.py:331: ComplexWarning: Casting complex values to real discards the imaginary part
  h_output_FDK[:,ppi], CC_check_FDK[ppi] = funcP(np.atleast_2d(Para_E_new).T)
estimation_imag_fix_testretest.py:334: ComplexWarning: Casting complex values to real discards the imaginary part
  dlddpara_FDK[:,:,ppi] = dlddpara
estimation_imag_fix_testretest.py:335: ComplexWarning: Casting complex values to real discards the imaginary part
  dldpara_FDK[:,ppi] = dldpara
[[-2.80084898]]
real won
goodness of fit correlation [0.19232683]
16
parrallel submitted 09:16:25
parrallel finished 09:20:06
estimation_imag_fix_testretest.py:217: ComplexWarning: Casting complex values to real discards the imaginary part
  inv_JinvCeJ[i,:] = J[:,i].T * inv_DiagCe
estimation_imag_fix_testretest.py:230: ComplexWarning: Casting complex values to real discards the imaginary part
  P[:,i] = (J[:,i]*np.squeeze(inv_DiagCe))
estimation_imag_fix_testretest.py:250: ComplexWarning: Casting complex values to real discards the imaginary part
  g[i] = -0.5*np.exp(lembda[i])*np.trace(P[T*i:T*i+T][:, T*i:T*i+T])
estimation_imag_fix_testretest.py:255: ComplexWarning: Casting complex values to real discards the imaginary part
  g[i] = g[i] + g_rest
/users/k1201869/wang_model/code/model_fitting/wang_functions_imag_fix.py:502: ComplexWarning: Casting complex values to real discards the imaginary part
  tr[i] = np.sum(temp)
/users/k1201869/miniconda3/envs/python38/lib/python3.8/site-packages/numpy/core/fromnumeric.py:87: VisibleDeprecationWarning: Creating an ndarray from ragged nested sequences (which is a list-or-tuple of lists-or-tuples-or ndarrays with different lengths or shapes) is deprecated. If you meant to do this, you must specify 'dtype=object' when creating the ndarray
  return ufunc.reduce(obj, axis, dtype, out, **passkwargs)
[[-2.83471125]]
estimation_imag_fix_testretest.py:309: ComplexWarning: Casting complex values to real discards the imaginary part
  JinvCe[i,:] = J[:,i] * inv_DiagCe #;% J'%invCe <----- p x nT
/users/k1201869/wang_model/code/model_fitting/wang_functions_imag_fix.py:517: FutureWarning: `rcond` parameter will change to the default of machine precision times ``max(M, N)`` where M and N are the input matrix dimensions.
To use the future default and silence this warning we advise to pass `rcond=None`, to keep using the old, explicitly pass `rcond=-1`.
  sol = np.linalg.lstsq(A, b)[0]    # not under-determined
estimation_imag_fix_testretest.py:320: ComplexWarning: Casting complex values to real discards the imaginary part
  A_FDK[:,ppi] = np.squeeze(A) + np.squeeze(d_A) # %newton-gauss, fisher scoring, update Para_E
estimation_imag_fix_testretest.py:327: ComplexWarning: Casting complex values to real discards the imaginary part
  A_FDK[:,ppi] = np.squeeze(A) + d_A #newton-gauss, fisher scoring, update Para_E
distributed.client - ERROR - Failed to reconnect to scheduler after 10.00 seconds, closing client
_GatheringFuture exception was never retrieved
future: <_GatheringFuture finished exception=CancelledError()>
asyncio.exceptions.CancelledError
estimation_imag_fix_testretest.py:331: ComplexWarning: Casting complex values to real discards the imaginary part
  h_output_FDK[:,ppi], CC_check_FDK[ppi] = funcP(np.atleast_2d(Para_E_new).T)
estimation_imag_fix_testretest.py:334: ComplexWarning: Casting complex values to real discards the imaginary part
  dlddpara_FDK[:,:,ppi] = dlddpara
estimation_imag_fix_testretest.py:335: ComplexWarning: Casting complex values to real discards the imaginary part
  dldpara_FDK[:,ppi] = dldpara
[[-2.89718836]]
real won
goodness of fit correlation [0.25840604]
17
parrallel submitted 09:20:53
parrallel finished 09:24:36
estimation_imag_fix_testretest.py:217: ComplexWarning: Casting complex values to real discards the imaginary part
  inv_JinvCeJ[i,:] = J[:,i].T * inv_DiagCe
estimation_imag_fix_testretest.py:230: ComplexWarning: Casting complex values to real discards the imaginary part
  P[:,i] = (J[:,i]*np.squeeze(inv_DiagCe))
estimation_imag_fix_testretest.py:250: ComplexWarning: Casting complex values to real discards the imaginary part
  g[i] = -0.5*np.exp(lembda[i])*np.trace(P[T*i:T*i+T][:, T*i:T*i+T])
estimation_imag_fix_testretest.py:255: ComplexWarning: Casting complex values to real discards the imaginary part
  g[i] = g[i] + g_rest
/users/k1201869/wang_model/code/model_fitting/wang_functions_imag_fix.py:502: ComplexWarning: Casting complex values to real discards the imaginary part
  tr[i] = np.sum(temp)
/users/k1201869/miniconda3/envs/python38/lib/python3.8/site-packages/numpy/core/fromnumeric.py:87: VisibleDeprecationWarning: Creating an ndarray from ragged nested sequences (which is a list-or-tuple of lists-or-tuples-or ndarrays with different lengths or shapes) is deprecated. If you meant to do this, you must specify 'dtype=object' when creating the ndarray
  return ufunc.reduce(obj, axis, dtype, out, **passkwargs)
[[-2.85286944]]
estimation_imag_fix_testretest.py:309: ComplexWarning: Casting complex values to real discards the imaginary part
  JinvCe[i,:] = J[:,i] * inv_DiagCe #;% J'%invCe <----- p x nT
/users/k1201869/wang_model/code/model_fitting/wang_functions_imag_fix.py:517: FutureWarning: `rcond` parameter will change to the default of machine precision times ``max(M, N)`` where M and N are the input matrix dimensions.
To use the future default and silence this warning we advise to pass `rcond=None`, to keep using the old, explicitly pass `rcond=-1`.
  sol = np.linalg.lstsq(A, b)[0]    # not under-determined
estimation_imag_fix_testretest.py:320: ComplexWarning: Casting complex values to real discards the imaginary part
  A_FDK[:,ppi] = np.squeeze(A) + np.squeeze(d_A) # %newton-gauss, fisher scoring, update Para_E
estimation_imag_fix_testretest.py:327: ComplexWarning: Casting complex values to real discards the imaginary part
  A_FDK[:,ppi] = np.squeeze(A) + d_A #newton-gauss, fisher scoring, update Para_E
distributed.client - ERROR - Failed to reconnect to scheduler after 10.00 seconds, closing client
_GatheringFuture exception was never retrieved
future: <_GatheringFuture finished exception=CancelledError()>
asyncio.exceptions.CancelledError
estimation_imag_fix_testretest.py:331: ComplexWarning: Casting complex values to real discards the imaginary part
  h_output_FDK[:,ppi], CC_check_FDK[ppi] = funcP(np.atleast_2d(Para_E_new).T)
estimation_imag_fix_testretest.py:334: ComplexWarning: Casting complex values to real discards the imaginary part
  dlddpara_FDK[:,:,ppi] = dlddpara
estimation_imag_fix_testretest.py:335: ComplexWarning: Casting complex values to real discards the imaginary part
  dldpara_FDK[:,ppi] = dldpara
[[-2.9153547]]
imaginary won
goodness of fit correlation [0.24114259]
18
parrallel submitted 09:25:23
parrallel finished 09:29:07
estimation_imag_fix_testretest.py:217: ComplexWarning: Casting complex values to real discards the imaginary part
  inv_JinvCeJ[i,:] = J[:,i].T * inv_DiagCe
estimation_imag_fix_testretest.py:230: ComplexWarning: Casting complex values to real discards the imaginary part
  P[:,i] = (J[:,i]*np.squeeze(inv_DiagCe))
estimation_imag_fix_testretest.py:250: ComplexWarning: Casting complex values to real discards the imaginary part
  g[i] = -0.5*np.exp(lembda[i])*np.trace(P[T*i:T*i+T][:, T*i:T*i+T])
estimation_imag_fix_testretest.py:255: ComplexWarning: Casting complex values to real discards the imaginary part
  g[i] = g[i] + g_rest
/users/k1201869/wang_model/code/model_fitting/wang_functions_imag_fix.py:502: ComplexWarning: Casting complex values to real discards the imaginary part
  tr[i] = np.sum(temp)
/users/k1201869/miniconda3/envs/python38/lib/python3.8/site-packages/numpy/core/fromnumeric.py:87: VisibleDeprecationWarning: Creating an ndarray from ragged nested sequences (which is a list-or-tuple of lists-or-tuples-or ndarrays with different lengths or shapes) is deprecated. If you meant to do this, you must specify 'dtype=object' when creating the ndarray
  return ufunc.reduce(obj, axis, dtype, out, **passkwargs)
[[-2.81017778]]
estimation_imag_fix_testretest.py:309: ComplexWarning: Casting complex values to real discards the imaginary part
  JinvCe[i,:] = J[:,i] * inv_DiagCe #;% J'%invCe <----- p x nT
/users/k1201869/wang_model/code/model_fitting/wang_functions_imag_fix.py:517: FutureWarning: `rcond` parameter will change to the default of machine precision times ``max(M, N)`` where M and N are the input matrix dimensions.
To use the future default and silence this warning we advise to pass `rcond=None`, to keep using the old, explicitly pass `rcond=-1`.
  sol = np.linalg.lstsq(A, b)[0]    # not under-determined
estimation_imag_fix_testretest.py:320: ComplexWarning: Casting complex values to real discards the imaginary part
  A_FDK[:,ppi] = np.squeeze(A) + np.squeeze(d_A) # %newton-gauss, fisher scoring, update Para_E
estimation_imag_fix_testretest.py:327: ComplexWarning: Casting complex values to real discards the imaginary part
  A_FDK[:,ppi] = np.squeeze(A) + d_A #newton-gauss, fisher scoring, update Para_E
distributed.client - ERROR - Failed to reconnect to scheduler after 10.00 seconds, closing client
_GatheringFuture exception was never retrieved
future: <_GatheringFuture finished exception=CancelledError()>
asyncio.exceptions.CancelledError
estimation_imag_fix_testretest.py:331: ComplexWarning: Casting complex values to real discards the imaginary part
  h_output_FDK[:,ppi], CC_check_FDK[ppi] = funcP(np.atleast_2d(Para_E_new).T)
estimation_imag_fix_testretest.py:334: ComplexWarning: Casting complex values to real discards the imaginary part
  dlddpara_FDK[:,:,ppi] = dlddpara
estimation_imag_fix_testretest.py:335: ComplexWarning: Casting complex values to real discards the imaginary part
  dldpara_FDK[:,ppi] = dldpara
[[-2.87263413]]
real won
goodness of fit correlation [0.22361832]
19
parrallel submitted 09:29:54
parrallel finished 09:33:43
estimation_imag_fix_testretest.py:217: ComplexWarning: Casting complex values to real discards the imaginary part
  inv_JinvCeJ[i,:] = J[:,i].T * inv_DiagCe
estimation_imag_fix_testretest.py:230: ComplexWarning: Casting complex values to real discards the imaginary part
  P[:,i] = (J[:,i]*np.squeeze(inv_DiagCe))
estimation_imag_fix_testretest.py:250: ComplexWarning: Casting complex values to real discards the imaginary part
  g[i] = -0.5*np.exp(lembda[i])*np.trace(P[T*i:T*i+T][:, T*i:T*i+T])
estimation_imag_fix_testretest.py:255: ComplexWarning: Casting complex values to real discards the imaginary part
  g[i] = g[i] + g_rest
/users/k1201869/wang_model/code/model_fitting/wang_functions_imag_fix.py:502: ComplexWarning: Casting complex values to real discards the imaginary part
  tr[i] = np.sum(temp)
/users/k1201869/miniconda3/envs/python38/lib/python3.8/site-packages/numpy/core/fromnumeric.py:87: VisibleDeprecationWarning: Creating an ndarray from ragged nested sequences (which is a list-or-tuple of lists-or-tuples-or ndarrays with different lengths or shapes) is deprecated. If you meant to do this, you must specify 'dtype=object' when creating the ndarray
  return ufunc.reduce(obj, axis, dtype, out, **passkwargs)
[[-2.76504438]]
estimation_imag_fix_testretest.py:309: ComplexWarning: Casting complex values to real discards the imaginary part
  JinvCe[i,:] = J[:,i] * inv_DiagCe #;% J'%invCe <----- p x nT
/users/k1201869/wang_model/code/model_fitting/wang_functions_imag_fix.py:517: FutureWarning: `rcond` parameter will change to the default of machine precision times ``max(M, N)`` where M and N are the input matrix dimensions.
To use the future default and silence this warning we advise to pass `rcond=None`, to keep using the old, explicitly pass `rcond=-1`.
  sol = np.linalg.lstsq(A, b)[0]    # not under-determined
estimation_imag_fix_testretest.py:320: ComplexWarning: Casting complex values to real discards the imaginary part
  A_FDK[:,ppi] = np.squeeze(A) + np.squeeze(d_A) # %newton-gauss, fisher scoring, update Para_E
estimation_imag_fix_testretest.py:327: ComplexWarning: Casting complex values to real discards the imaginary part
  A_FDK[:,ppi] = np.squeeze(A) + d_A #newton-gauss, fisher scoring, update Para_E
distributed.client - ERROR - Failed to reconnect to scheduler after 10.00 seconds, closing client
_GatheringFuture exception was never retrieved
future: <_GatheringFuture finished exception=CancelledError()>
asyncio.exceptions.CancelledError
estimation_imag_fix_testretest.py:331: ComplexWarning: Casting complex values to real discards the imaginary part
  h_output_FDK[:,ppi], CC_check_FDK[ppi] = funcP(np.atleast_2d(Para_E_new).T)
estimation_imag_fix_testretest.py:334: ComplexWarning: Casting complex values to real discards the imaginary part
  dlddpara_FDK[:,:,ppi] = dlddpara
estimation_imag_fix_testretest.py:335: ComplexWarning: Casting complex values to real discards the imaginary part
  dldpara_FDK[:,ppi] = dldpara
[[-2.8275365]]
imaginary won
goodness of fit correlation [0.27063399]
20
parrallel submitted 09:34:31
parrallel finished 09:38:17
estimation_imag_fix_testretest.py:217: ComplexWarning: Casting complex values to real discards the imaginary part
  inv_JinvCeJ[i,:] = J[:,i].T * inv_DiagCe
estimation_imag_fix_testretest.py:230: ComplexWarning: Casting complex values to real discards the imaginary part
  P[:,i] = (J[:,i]*np.squeeze(inv_DiagCe))
estimation_imag_fix_testretest.py:250: ComplexWarning: Casting complex values to real discards the imaginary part
  g[i] = -0.5*np.exp(lembda[i])*np.trace(P[T*i:T*i+T][:, T*i:T*i+T])
estimation_imag_fix_testretest.py:255: ComplexWarning: Casting complex values to real discards the imaginary part
  g[i] = g[i] + g_rest
/users/k1201869/wang_model/code/model_fitting/wang_functions_imag_fix.py:502: ComplexWarning: Casting complex values to real discards the imaginary part
  tr[i] = np.sum(temp)
/users/k1201869/miniconda3/envs/python38/lib/python3.8/site-packages/numpy/core/fromnumeric.py:87: VisibleDeprecationWarning: Creating an ndarray from ragged nested sequences (which is a list-or-tuple of lists-or-tuples-or ndarrays with different lengths or shapes) is deprecated. If you meant to do this, you must specify 'dtype=object' when creating the ndarray
  return ufunc.reduce(obj, axis, dtype, out, **passkwargs)
[[-2.82887221]]
estimation_imag_fix_testretest.py:309: ComplexWarning: Casting complex values to real discards the imaginary part
  JinvCe[i,:] = J[:,i] * inv_DiagCe #;% J'%invCe <----- p x nT
/users/k1201869/wang_model/code/model_fitting/wang_functions_imag_fix.py:517: FutureWarning: `rcond` parameter will change to the default of machine precision times ``max(M, N)`` where M and N are the input matrix dimensions.
To use the future default and silence this warning we advise to pass `rcond=None`, to keep using the old, explicitly pass `rcond=-1`.
  sol = np.linalg.lstsq(A, b)[0]    # not under-determined
estimation_imag_fix_testretest.py:320: ComplexWarning: Casting complex values to real discards the imaginary part
  A_FDK[:,ppi] = np.squeeze(A) + np.squeeze(d_A) # %newton-gauss, fisher scoring, update Para_E
estimation_imag_fix_testretest.py:327: ComplexWarning: Casting complex values to real discards the imaginary part
  A_FDK[:,ppi] = np.squeeze(A) + d_A #newton-gauss, fisher scoring, update Para_E
distributed.client - ERROR - Failed to reconnect to scheduler after 10.00 seconds, closing client
_GatheringFuture exception was never retrieved
future: <_GatheringFuture finished exception=CancelledError()>
asyncio.exceptions.CancelledError
estimation_imag_fix_testretest.py:331: ComplexWarning: Casting complex values to real discards the imaginary part
  h_output_FDK[:,ppi], CC_check_FDK[ppi] = funcP(np.atleast_2d(Para_E_new).T)
estimation_imag_fix_testretest.py:334: ComplexWarning: Casting complex values to real discards the imaginary part
  dlddpara_FDK[:,:,ppi] = dlddpara
estimation_imag_fix_testretest.py:335: ComplexWarning: Casting complex values to real discards the imaginary part
  dldpara_FDK[:,ppi] = dldpara
[[-2.89134557]]
real won
goodness of fit correlation [0.24967707]
21
parrallel submitted 09:39:04
parrallel finished 09:42:50
estimation_imag_fix_testretest.py:217: ComplexWarning: Casting complex values to real discards the imaginary part
  inv_JinvCeJ[i,:] = J[:,i].T * inv_DiagCe
estimation_imag_fix_testretest.py:230: ComplexWarning: Casting complex values to real discards the imaginary part
  P[:,i] = (J[:,i]*np.squeeze(inv_DiagCe))
estimation_imag_fix_testretest.py:250: ComplexWarning: Casting complex values to real discards the imaginary part
  g[i] = -0.5*np.exp(lembda[i])*np.trace(P[T*i:T*i+T][:, T*i:T*i+T])
estimation_imag_fix_testretest.py:255: ComplexWarning: Casting complex values to real discards the imaginary part
  g[i] = g[i] + g_rest
/users/k1201869/wang_model/code/model_fitting/wang_functions_imag_fix.py:502: ComplexWarning: Casting complex values to real discards the imaginary part
  tr[i] = np.sum(temp)
/users/k1201869/miniconda3/envs/python38/lib/python3.8/site-packages/numpy/core/fromnumeric.py:87: VisibleDeprecationWarning: Creating an ndarray from ragged nested sequences (which is a list-or-tuple of lists-or-tuples-or ndarrays with different lengths or shapes) is deprecated. If you meant to do this, you must specify 'dtype=object' when creating the ndarray
  return ufunc.reduce(obj, axis, dtype, out, **passkwargs)
[[-2.86973107]]
estimation_imag_fix_testretest.py:309: ComplexWarning: Casting complex values to real discards the imaginary part
  JinvCe[i,:] = J[:,i] * inv_DiagCe #;% J'%invCe <----- p x nT
/users/k1201869/wang_model/code/model_fitting/wang_functions_imag_fix.py:517: FutureWarning: `rcond` parameter will change to the default of machine precision times ``max(M, N)`` where M and N are the input matrix dimensions.
To use the future default and silence this warning we advise to pass `rcond=None`, to keep using the old, explicitly pass `rcond=-1`.
  sol = np.linalg.lstsq(A, b)[0]    # not under-determined
estimation_imag_fix_testretest.py:320: ComplexWarning: Casting complex values to real discards the imaginary part
  A_FDK[:,ppi] = np.squeeze(A) + np.squeeze(d_A) # %newton-gauss, fisher scoring, update Para_E
estimation_imag_fix_testretest.py:327: ComplexWarning: Casting complex values to real discards the imaginary part
  A_FDK[:,ppi] = np.squeeze(A) + d_A #newton-gauss, fisher scoring, update Para_E
distributed.client - ERROR - Failed to reconnect to scheduler after 10.00 seconds, closing client
_GatheringFuture exception was never retrieved
future: <_GatheringFuture finished exception=CancelledError()>
asyncio.exceptions.CancelledError
estimation_imag_fix_testretest.py:331: ComplexWarning: Casting complex values to real discards the imaginary part
  h_output_FDK[:,ppi], CC_check_FDK[ppi] = funcP(np.atleast_2d(Para_E_new).T)
estimation_imag_fix_testretest.py:334: ComplexWarning: Casting complex values to real discards the imaginary part
  dlddpara_FDK[:,:,ppi] = dlddpara
estimation_imag_fix_testretest.py:335: ComplexWarning: Casting complex values to real discards the imaginary part
  dldpara_FDK[:,ppi] = dldpara
[[-2.93225949]]
real won
goodness of fit correlation [0.27401137]
22
parrallel submitted 09:43:36
parrallel finished 09:47:23
estimation_imag_fix_testretest.py:217: ComplexWarning: Casting complex values to real discards the imaginary part
  inv_JinvCeJ[i,:] = J[:,i].T * inv_DiagCe
estimation_imag_fix_testretest.py:230: ComplexWarning: Casting complex values to real discards the imaginary part
  P[:,i] = (J[:,i]*np.squeeze(inv_DiagCe))
estimation_imag_fix_testretest.py:250: ComplexWarning: Casting complex values to real discards the imaginary part
  g[i] = -0.5*np.exp(lembda[i])*np.trace(P[T*i:T*i+T][:, T*i:T*i+T])
estimation_imag_fix_testretest.py:255: ComplexWarning: Casting complex values to real discards the imaginary part
  g[i] = g[i] + g_rest
/users/k1201869/wang_model/code/model_fitting/wang_functions_imag_fix.py:502: ComplexWarning: Casting complex values to real discards the imaginary part
  tr[i] = np.sum(temp)
/users/k1201869/miniconda3/envs/python38/lib/python3.8/site-packages/numpy/core/fromnumeric.py:87: VisibleDeprecationWarning: Creating an ndarray from ragged nested sequences (which is a list-or-tuple of lists-or-tuples-or ndarrays with different lengths or shapes) is deprecated. If you meant to do this, you must specify 'dtype=object' when creating the ndarray
  return ufunc.reduce(obj, axis, dtype, out, **passkwargs)
[[-2.78993106]]
estimation_imag_fix_testretest.py:309: ComplexWarning: Casting complex values to real discards the imaginary part
  JinvCe[i,:] = J[:,i] * inv_DiagCe #;% J'%invCe <----- p x nT
/users/k1201869/wang_model/code/model_fitting/wang_functions_imag_fix.py:517: FutureWarning: `rcond` parameter will change to the default of machine precision times ``max(M, N)`` where M and N are the input matrix dimensions.
To use the future default and silence this warning we advise to pass `rcond=None`, to keep using the old, explicitly pass `rcond=-1`.
  sol = np.linalg.lstsq(A, b)[0]    # not under-determined
estimation_imag_fix_testretest.py:320: ComplexWarning: Casting complex values to real discards the imaginary part
  A_FDK[:,ppi] = np.squeeze(A) + np.squeeze(d_A) # %newton-gauss, fisher scoring, update Para_E
estimation_imag_fix_testretest.py:327: ComplexWarning: Casting complex values to real discards the imaginary part
  A_FDK[:,ppi] = np.squeeze(A) + d_A #newton-gauss, fisher scoring, update Para_E
distributed.client - ERROR - Failed to reconnect to scheduler after 10.00 seconds, closing client
_GatheringFuture exception was never retrieved
future: <_GatheringFuture finished exception=CancelledError()>
asyncio.exceptions.CancelledError
estimation_imag_fix_testretest.py:331: ComplexWarning: Casting complex values to real discards the imaginary part
  h_output_FDK[:,ppi], CC_check_FDK[ppi] = funcP(np.atleast_2d(Para_E_new).T)
estimation_imag_fix_testretest.py:334: ComplexWarning: Casting complex values to real discards the imaginary part
  dlddpara_FDK[:,:,ppi] = dlddpara
estimation_imag_fix_testretest.py:335: ComplexWarning: Casting complex values to real discards the imaginary part
  dldpara_FDK[:,ppi] = dldpara
[[-2.85242314]]
real won
goodness of fit correlation [0.16911146]
0.3085484528606454
[6.05258598e-01 5.09490174e-01 6.23572511e-01 5.51758580e-01
 5.20019034e-01 5.04931009e-01 6.66239827e-01 5.04925999e-01
 4.82486619e-01 5.31513163e-01 5.45678851e-01 4.95818426e-01
 5.43367515e-01 6.30660600e-01 4.73163528e-01 5.49032926e-01
 4.48407524e-01 4.93996141e-01 5.08953739e-01 5.68010443e-01
 5.26690227e-01 5.73227763e-01 6.03837724e-01 5.92291752e-01
 4.68423342e-01 4.62766372e-01 5.66467335e-01 5.99353770e-01
 5.84191617e-01 5.75626528e-01 5.08395872e-01 5.51182432e-01
 5.03021466e-01 5.35614013e-01 4.94708145e-01 5.00972972e-01
 4.94248649e-01 6.38535687e-01 4.90868692e-01 5.88511576e-01
 6.26628741e-01 5.52955223e-01 6.20899290e-01 5.79347296e-01
 5.10386821e-01 4.90512090e-01 5.24921505e-01 5.39736967e-01
 5.09996760e-01 5.65146805e-01 5.78930335e-01 4.92968882e-01
 5.46420984e-01 4.61968192e-01 5.41815643e-01 4.54989447e-01
 5.72767691e-01 5.39713017e-01 5.37063681e-01 5.29293247e-01
 5.99843766e-01 5.92606887e-01 5.24298259e-01 5.81776242e-01
 5.91039727e-01 5.43700283e-01 5.23650406e-01 4.99671400e-01
 3.55971602e-01 3.19419823e-01 3.38306298e-01 3.65614561e-01
 3.11542391e-01 3.80476201e-01 3.22475356e-01 3.63930271e-01
 3.43305047e-01 3.51876055e-01 3.48425619e-01 4.14966741e-01
 3.09696430e-01 3.35515138e-01 3.71850270e-01 3.48398669e-01
 3.48883695e-01 3.57290058e-01 3.54788678e-01 3.79970619e-01
 3.39894679e-01 3.56035978e-01 3.26451743e-01 3.35022163e-01
 3.20555424e-01 3.64376069e-01 3.21780465e-01 3.25747850e-01
 3.62123679e-01 3.47988617e-01 3.34705470e-01 3.31678468e-01
 3.21945934e-01 3.45323243e-01 3.69013777e-01 3.63463514e-01
 3.58249726e-01 3.42272168e-01 2.78537882e-01 3.56142655e-01
 3.27781431e-01 3.48077448e-01 3.46246538e-01 3.54444388e-01
 3.56622381e-01 3.30549656e-01 3.63124702e-01 3.39917020e-01
 3.57109378e-01 3.44331929e-01 3.17596349e-01 3.56354157e-01
 3.55862854e-01 3.35393205e-01 3.42061894e-01 3.60721330e-01
 3.27545510e-01 3.32794973e-01 2.86953755e-01 3.47158085e-01
 2.87284954e-01 3.26004927e-01 3.51310950e-01 3.44861266e-01
 3.41557143e-01 3.06161000e-01 3.50373944e-01 3.45563971e-01
 1.46360545e+00 9.40607827e-04]
